items[0] = Backstage passes to a TAFKAL80ETC concert, -1, 0
